Error: impls may overlap:
impl <ty> Foo for ^ty0_0 { }
impl <ty> Foo for ^ty0_0 where ^ty0_0 : Bar { }
